[36mvite v7.3.1 [32mbuilding client environment for production...[36m[39m
transforming...
[32mΓ£ô[39m 2280 modules transformed.
rendering chunks...
computing gzip size...
[2mdist/[22m[32mindex.html                 [39m[1m[2m    0.91 kB[22m[1m[22m[2m Γöé gzip:   0.51 kB[22m
[2mdist/[22m[35massets/index-BZv5qaS_.css  [39m[1m[2m   41.77 kB[22m[1m[22m[2m Γöé gzip:   7.39 kB[22m
[2mdist/[22m[36massets/index-DUUCxkL8.js   [39m[1m[33m1,134.37 kB[39m[22m[2m Γöé gzip: 323.36 kB[22m
node.exe : [33m
At line:1 char:1
+ & "C:\Program Files\nodejs/node.exe" "C:\Users\Dell\AppData\Roaming\n ...
+ ~~~~~~~~~~~~~~~~~~~~~~~~~~~~~~~~~~~~~~~~~~~~~~~~~~~~~~~~~~~~~~~~~~~~~
    + CategoryInfo          : NotSpecified: ([33m:String) [], RemoteException
    + FullyQualifiedErrorId : NativeCommandError
 
(!) Some chunks are larger than 500 kB after minification. Consider:
- Using dynamic import() to code-split the application
- Use build.rollupOptions.output.manualChunks to improve chunking: 
https://rollupjs.org/configuration-options/#output-manualchunks
- Adjust chunk size limit for this warning via 
build.chunkSizeWarningLimit.[39m
[32mΓ£ô built in 16.83s[39m
